ERC report (2026-10-02T16:46:36, Encoding UTF8)
Report includes: Errors, Warnings, Exclusions

***** Sheet /
[lib_symbol_issues]: Symbol 'ESP32-S3-MINI-1' not found in symbol library 'MCU_Espressif'
    ; warning
    @(6500 mils, 4650 mils): Symbol U1 [ESP32-S3-MINI-1]
[footprint_link_issues]: Footprint 'SW_TH_Tactile_Omron_B3F-10xx' not found in library 'Button_Switch_THT'
    ; warning
    @(7200 mils, 5850 mils): Symbol SW3 [SW_Push]
[footprint_link_issues]: Footprint 'SW_TH_Tactile_Omron_B3F-10xx' not found in library 'Button_Switch_THT'
    ; warning
    @(8200 mils, 5850 mils): Symbol SW2 [SW_Push]
[footprint_link_issues]: Footprint 'SW_TH_Tactile_Omron_B3F-10xx' not found in library 'Button_Switch_THT'
    ; warning
    @(9200 mils, 5850 mils): Symbol SW1 [SW_Push]

 ** ERC messages: 4  Errors 0  Warnings 4

 ** Ignored checks:
    - Global label only appears once in the schematic
    - Four connection points are joined together
    - SPICE model issue
    - Assigned footprint doesn't match footprint filters
