** Drc report for RB_Switch.kicad_pcb **
** Created on 2026-09-30T12:51:42 **
** Report includes: Errors **

** Found 42 DRC violations **
[clearance]: Clearance violation ( clearance 0.2000 mm; actual 0.1500 mm)
    Local override; error
    @(110.7750 mm, 113.0000 mm): Via [GND] on F.Cu - B.Cu
    @(102.5000 mm, 113.5000 mm): Track [USB_CC1] on In1.Cu, length 9.0000 mm
[clearance]: Clearance violation ( clearance 0.2000 mm; actual 0.1500 mm)
    Local override; error
    @(104.8250 mm, 113.0000 mm): Via [GND] on F.Cu - B.Cu
    @(102.5000 mm, 113.5000 mm): Track [USB_CC1] on In1.Cu, length 9.0000 mm
[clearance]: Clearance violation ( clearance 0.2000 mm; actual 0.1500 mm)
    Local override; error
    @(104.8250 mm, 113.0000 mm): Via [GND] on F.Cu - B.Cu
    @(104.2500 mm, 112.5000 mm): Track [VBAT_SENSE] on In1.Cu, length 7.2500 mm
[clearance]: Clearance violation ( clearance 0.2000 mm; actual 0.1500 mm)
    Local override; error
    @(141.2500 mm, 85.5000 mm): Track [CHG_PROG] on In2.Cu, length 2.7500 mm
    @(139.2250 mm, 86.0000 mm): Via [V3V3] on F.Cu - B.Cu
[clearance]: Clearance violation ( clearance 0.2000 mm; actual 0.0859 mm)
    Local override; error
    @(102.6000 mm, 85.0000 mm): Pad 1 [V3V3] of REG1 on F.Cu
    @(102.6000 mm, 85.5000 mm): Track [L_B] on F.Cu, length 1.8868 mm
[clearance]: Clearance violation ( clearance 0.2000 mm; actual 0.0919 mm)
    Local override; error
    @(105.4000 mm, 86.0000 mm): Pad 8 [VBAT] of REG1 on F.Cu
    @(105.4000 mm, 86.5000 mm): Track [GND] on F.Cu, length 0.9647 mm
[clearance]: Clearance violation ( clearance 0.2000 mm; actual 0.0859 mm)
    Local override; error
    @(102.6000 mm, 87.0000 mm): Pad 5 [VBAT] of REG1 on F.Cu
    @(102.6000 mm, 86.5000 mm): Track [L_A] on F.Cu, length 1.8868 mm
[clearance]: Clearance violation ( clearance 0.2000 mm; actual 0.0500 mm)
    Local override; error
    @(151.0000 mm, 99.0000 mm): PTH pad 1 [SW3_NET] of SW3
    @(150.5000 mm, 97.7500 mm): Track [SW2_NET] on In2.Cu, length 0.2500 mm
[clearance]: Clearance violation ( clearance 0.2000 mm; actual 0.0500 mm)
    Local override; error
    @(151.0000 mm, 99.0000 mm): PTH pad 1 [SW3_NET] of SW3
    @(150.5000 mm, 98.0000 mm): Track [SW2_NET] on In2.Cu, length 0.5000 mm
[clearance]: Clearance violation ( clearance 0.2000 mm; actual 0.0919 mm)
    Local override; error
    @(105.4000 mm, 86.0000 mm): Pad 8 [VBAT] of REG1 on F.Cu
    @(105.4000 mm, 85.5000 mm): Track [GND] on F.Cu, length 0.9647 mm
[clearance]: Clearance violation ( clearance 0.2000 mm; actual 0.1500 mm)
    Local override; error
    @(95.7000 mm, 113.0000 mm): Via [GND] on F.Cu - B.Cu
    @(95.2500 mm, 112.5000 mm): Track [EN_NET] on B.Cu, length 1.0000 mm
[clearance]: Clearance violation ( clearance 0.2000 mm; actual 0.1648 mm)
    Local override; error
    @(95.7000 mm, 113.0000 mm): Via [GND] on F.Cu - B.Cu
    @(95.2500 mm, 112.7500 mm): Track [EN_NET] on B.Cu, length 0.2500 mm
[clearance]: Clearance violation ( clearance 0.2000 mm; actual 0.1648 mm)
    Local override; error
    @(95.7000 mm, 113.0000 mm): Via [GND] on F.Cu - B.Cu
    @(95.0000 mm, 112.7500 mm): Track [EN_NET] on B.Cu, length 0.2500 mm
[clearance]: Clearance violation ( clearance 0.2000 mm; actual 0.1500 mm)
    Local override; error
    @(92.3000 mm, 113.0000 mm): Via [EN_NET] on F.Cu - B.Cu
    @(91.7500 mm, 113.5000 mm): Track [USB_CC2] on B.Cu, length 4.5000 mm
[clearance]: Clearance violation ( clearance 0.2000 mm; actual 0.1500 mm)
    Local override; error
    @(184.0000 mm, 105.5000 mm): Track [SW3_NET] on B.Cu, length 14.0000 mm
    @(182.4000 mm, 106.0000 mm): Via [EN_NET] on F.Cu - B.Cu
[clearance]: Clearance violation ( clearance 0.2000 mm; actual 0.1500 mm)
    Local override; error
    @(180.7000 mm, 113.0000 mm): Via [GND] on F.Cu - B.Cu
    @(170.2500 mm, 113.5000 mm): Track [SW3_NET] on B.Cu, length 11.0000 mm
[clearance]: Clearance violation ( clearance 0.2000 mm; actual 0.1500 mm)
    Local override; error
    @(171.2500 mm, 113.5000 mm): Track [SW2_NET] on In2.Cu, length 5.0000 mm
    @(169.2250 mm, 113.0000 mm): Via [SW3_NET] on F.Cu - B.Cu
[clearance]: Clearance violation ( clearance 0.2000 mm; actual 0.1680 mm)
    Local override; error
    @(156.5000 mm, 104.5000 mm): Track [SW1_NET] on In2.Cu, length 0.5000 mm
    @(157.5000 mm, 103.5000 mm): PTH pad 2 [GND] of SW3
[clearance]: Clearance violation ( clearance 0.2000 mm; actual 0.1680 mm)
    Local override; error
    @(156.2500 mm, 104.0000 mm): Track [SW1_NET] on In2.Cu, length 0.2500 mm
    @(157.5000 mm, 103.5000 mm): PTH pad 2 [GND] of SW3
[clearance]: Clearance violation ( clearance 0.2000 mm; actual 0.1500 mm)
    Local override; error
    @(163.2250 mm, 113.0000 mm): Via [SW2_NET] on F.Cu - B.Cu
    @(158.2500 mm, 112.5000 mm): Track [SW1_NET] on In2.Cu, length 7.2500 mm
[clearance]: Clearance violation ( clearance 0.2000 mm; actual 0.1680 mm)
    Local override; error
    @(156.5000 mm, 104.0000 mm): Track [SW1_NET] on In2.Cu, length 0.5000 mm
    @(157.5000 mm, 103.5000 mm): PTH pad 2 [GND] of SW3
[clearance]: Clearance violation ( clearance 0.2000 mm; actual 0.1680 mm)
    Local override; error
    @(157.0000 mm, 104.5000 mm): Track [SW1_NET] on In2.Cu, length 0.2500 mm
    @(157.5000 mm, 103.5000 mm): PTH pad 2 [GND] of SW3
[clearance]: Clearance violation ( clearance 0.2000 mm; actual 0.1500 mm)
    Local override; error
    @(104.2500 mm, 112.5000 mm): Track [VBAT_SENSE] on In1.Cu, length 7.2500 mm
    @(110.7750 mm, 113.0000 mm): Via [GND] on F.Cu - B.Cu
[clearance]: Clearance violation ( clearance 0.2000 mm; actual 0.1500 mm)
    Local override; error
    @(109.2250 mm, 113.0000 mm): Via [VBAT_SENSE] on F.Cu - B.Cu
    @(102.5000 mm, 113.5000 mm): Track [USB_CC1] on In1.Cu, length 9.0000 mm
[clearance]: Clearance violation ( clearance 0.2000 mm; actual 0.1500 mm)
    Local override; error
    @(103.1750 mm, 113.0000 mm): Via [VBAT_SENSE] on F.Cu - B.Cu
    @(102.5000 mm, 113.5000 mm): Track [USB_CC1] on In1.Cu, length 9.0000 mm
[clearance]: Clearance violation ( clearance 0.2000 mm; actual 0.1983 mm)
    Local override; error
    @(116.0000 mm, 86.0000 mm): PTH pad 1 [VBAT] of J_BAT
    @(117.0000 mm, 85.0000 mm): Track [CHG_PROG] on In2.Cu, length 0.2500 mm
[clearance]: Clearance violation ( clearance 0.2000 mm; actual 0.1500 mm)
    Local override; error
    @(140.7750 mm, 86.0000 mm): Via [GND] on F.Cu - B.Cu
    @(141.2500 mm, 85.5000 mm): Track [CHG_PROG] on In2.Cu, length 2.7500 mm
[clearance]: Clearance violation ( clearance 0.2000 mm; actual 0.1500 mm)
    Local override; error
    @(177.3000 mm, 113.0000 mm): Via [BOOT_NET] on F.Cu - B.Cu
    @(170.2500 mm, 113.5000 mm): Track [SW3_NET] on B.Cu, length 11.0000 mm
[clearance]: Clearance violation ( clearance 0.2000 mm; actual 0.1868 mm)
    Local override; error
    @(140.7750 mm, 86.0000 mm): Via [GND] on F.Cu - B.Cu
    @(141.2500 mm, 85.7500 mm): Track [CHG_PROG] on In2.Cu, length 0.2500 mm
[clearance]: Clearance violation ( clearance 0.2000 mm; actual 0.1983 mm)
    Local override; error
    @(116.0000 mm, 86.0000 mm): PTH pad 1 [VBAT] of J_BAT
    @(116.7500 mm, 85.0000 mm): Track [CHG_PROG] on In2.Cu, length 0.2500 mm
[clearance]: Clearance violation ( clearance 0.2000 mm; actual 0.1500 mm)
    Local override; error
    @(170.7500 mm, 91.5000 mm): Track [SW2_NET] on In2.Cu, length 1.2500 mm
    @(171.3500 mm, 92.0000 mm): Via [SW1_NET] on F.Cu - B.Cu
[clearance]: Clearance violation ( clearance 0.2000 mm; actual 0.1868 mm)
    Local override; error
    @(141.5000 mm, 85.7500 mm): Track [CHG_PROG] on In2.Cu, length 0.2500 mm
    @(140.7750 mm, 86.0000 mm): Via [GND] on F.Cu - B.Cu
[clearance]: Clearance violation ( clearance 0.2000 mm; actual 0.1500 mm)
    Local override; error
    @(172.0000 mm, 91.5000 mm): Track [SW2_NET] on In2.Cu, length 1.5000 mm
    @(171.3500 mm, 92.0000 mm): Via [SW1_NET] on F.Cu - B.Cu
[clearance]: Clearance violation ( clearance 0.2000 mm; actual 0.1525 mm)
    Local override; error
    @(103.5000 mm, 87.0000 mm): Track [VBAT] on B.Cu, length 0.5000 mm
    @(104.0000 mm, 86.9500 mm): PTH pad 11 [GND] of REG1
[clearance]: Clearance violation ( clearance 0.2000 mm; actual 0.1525 mm)
    Local override; error
    @(104.0000 mm, 86.9500 mm): PTH pad 11 [GND] of REG1
    @(102.5000 mm, 87.0000 mm): Track [VBAT] on B.Cu, length 1.0000 mm
[clearance]: Clearance violation ( clearance 0.2000 mm; actual 0.1500 mm)
    Local override; error
    @(95.7000 mm, 113.0000 mm): Via [GND] on F.Cu - B.Cu
    @(91.7500 mm, 113.5000 mm): Track [USB_CC2] on B.Cu, length 4.5000 mm
[hole_clearance]: Hole clearance violation (board setup constraints hole clearance 0.2500 mm; actual 0.1944 mm)
    Rule: board setup constraints hole; error
    @(87.6800 mm, 95.8000 mm): Pad A1 [GND] of J_USB on F.Cu
    @(86.6050 mm, 96.1100 mm): NPTH pad of J_USB
[hole_clearance]: Hole clearance violation (board setup constraints hole clearance 0.2500 mm; actual 0.1944 mm)
    Rule: board setup constraints hole; error
    @(87.6800 mm, 95.8000 mm): Pad B12 [GND] of J_USB on F.Cu
    @(86.6050 mm, 96.1100 mm): NPTH pad of J_USB
[hole_clearance]: Hole clearance violation (board setup constraints hole clearance 0.2500 mm; actual 0.1944 mm)
    Rule: board setup constraints hole; error
    @(87.6800 mm, 102.2000 mm): Pad A12 [GND] of J_USB on F.Cu
    @(86.6050 mm, 101.8900 mm): NPTH pad of J_USB
[hole_clearance]: Hole clearance violation (board setup constraints hole clearance 0.2500 mm; actual 0.1944 mm)
    Rule: board setup constraints hole; error
    @(87.6800 mm, 102.2000 mm): Pad B1 [GND] of J_USB on F.Cu
    @(86.6050 mm, 101.8900 mm): NPTH pad of J_USB
[courtyards_overlap]: Courtyards overlap
    Rule: board setup constraints courtyard; error
    @(110.0000 mm, 86.0000 mm): Footprint U_CHG
    @(116.0000 mm, 86.0000 mm): Footprint J_BAT
[courtyards_overlap]: Courtyards overlap
    Rule: board setup constraints courtyard; error
    @(179.0000 mm, 99.0000 mm): Footprint U1
    @(182.0000 mm, 84.0000 mm): Footprint MH2

** Found 22 unconnected pads **
[unconnected_items]: Missing connection between items
    Local override; error
    @(87.6800 mm, 97.7500 mm): Track [USB_CC1] on In1.Cu, length 0.0700 mm
    @(87.6800 mm, 97.7500 mm): Pad A5 [USB_CC1] of J_USB on F.Cu
[unconnected_items]: Missing connection between items
    Local override; error
    @(87.6800 mm, 97.7500 mm): Track [USB_CC1] on In1.Cu, length 0.0700 mm
    @(87.0000 mm, 97.7500 mm): Track [USB_CC1] on In1.Cu, length 2.5000 mm
[unconnected_items]: Missing connection between items
    Local override; error
    @(80.0000 mm, 81.0000 mm): Zone [GND] on In1.Cu, priority 0
    @(80.0000 mm, 81.0000 mm): Zone [GND] on In1.Cu, priority 0
[unconnected_items]: Missing connection between items
    Local override; error
    @(80.0000 mm, 81.0000 mm): Zone [GND] on In1.Cu, priority 0
    @(80.0000 mm, 81.0000 mm): Zone [GND] on In1.Cu, priority 0
[unconnected_items]: Missing connection between items
    Local override; error
    @(140.7750 mm, 113.0000 mm): Via [GND] on F.Cu - B.Cu
    @(146.7750 mm, 113.0000 mm): Pad 2 [GND] of C6 on F.Cu
[unconnected_items]: Missing connection between items
    Local override; error
    @(146.7750 mm, 113.0000 mm): Pad 2 [GND] of C6 on F.Cu
    @(152.7750 mm, 113.0000 mm): Pad 2 [GND] of C7 on F.Cu
[unconnected_items]: Missing connection between items
    Local override; error
    @(152.7750 mm, 113.0000 mm): Pad 2 [GND] of C7 on F.Cu
    @(158.7750 mm, 113.0000 mm): Pad 2 [GND] of C9 on F.Cu
[unconnected_items]: Missing connection between items
    Local override; error
    @(158.7750 mm, 113.0000 mm): Pad 2 [GND] of C9 on F.Cu
    @(164.7750 mm, 113.0000 mm): Pad 2 [GND] of C10 on F.Cu
[unconnected_items]: Missing connection between items
    Local override; error
    @(164.7750 mm, 113.0000 mm): Pad 2 [GND] of C10 on F.Cu
    @(170.7750 mm, 113.0000 mm): Pad 2 [GND] of C11 on F.Cu
[unconnected_items]: Missing connection between items
    Local override; error
    @(170.7750 mm, 113.0000 mm): Pad 2 [GND] of C11 on F.Cu
    @(169.4500 mm, 106.0000 mm): Via [GND] on F.Cu - B.Cu
[unconnected_items]: Missing connection between items
    Local override; error
    @(180.7000 mm, 106.0000 mm): Pad 43 [GND] of U1 on F.Cu
    @(179.8500 mm, 106.0000 mm): Pad 42 [GND] of U1 on F.Cu
[unconnected_items]: Missing connection between items
    Local override; error
    @(180.7000 mm, 106.0000 mm): Pad 43 [GND] of U1 on F.Cu
    @(183.4500 mm, 106.0000 mm): Pad 65 [GND] of U1 on F.Cu
[unconnected_items]: Missing connection between items
    Local override; error
    @(183.4500 mm, 106.0000 mm): Pad 65 [GND] of U1 on F.Cu
    @(183.4500 mm, 104.9500 mm): Via [GND] on F.Cu - B.Cu
[unconnected_items]: Missing connection between items
    Local override; error
    @(91.7500 mm, 100.7500 mm): Track [USB_CC2] on B.Cu, length 12.7500 mm
    @(87.6800 mm, 100.7500 mm): Track [USB_CC2] on F.Cu, length 0.5700 mm
[unconnected_items]: Missing connection between items
    Local override; error
    @(102.5000 mm, 87.0000 mm): Track [VBAT] on B.Cu, length 1.0000 mm
    @(102.6000 mm, 87.0000 mm): Track [VBAT] on F.Cu, length 1.7493 mm
[unconnected_items]: Missing connection between items
    Local override; error
    @(105.4000 mm, 86.0000 mm): Track [VBAT] on B.Cu, length 0.6000 mm
    @(105.4000 mm, 86.0000 mm): Pad 8 [VBAT] of REG1 on F.Cu
[unconnected_items]: Missing connection between items
    Local override; error
    @(105.4000 mm, 87.0000 mm): Track [VBAT] on B.Cu, length 0.1000 mm
    @(105.4000 mm, 87.0000 mm): Pad 6 [VBAT] of REG1 on F.Cu
[unconnected_items]: Missing connection between items
    Local override; error
    @(87.6800 mm, 98.7500 mm): Track [USB_DM] on In1.Cu, length 12.0700 mm
    @(87.6800 mm, 98.7500 mm): Pad A6 [USB_DM] of J_USB on F.Cu
[unconnected_items]: Missing connection between items
    Local override; error
    @(87.6800 mm, 99.7500 mm): Pad B6 [USB_DM] of J_USB on F.Cu
    @(88.2500 mm, 99.7500 mm): Track [USB_DM] on In1.Cu, length 1.0000 mm
[unconnected_items]: Missing connection between items
    Local override; error
    @(169.4500 mm, 99.0000 mm): Pad 23 [USB_DM] of U1 on F.Cu
    @(169.5000 mm, 97.7500 mm): Track [USB_DM] on In1.Cu, length 1.2500 mm
[unconnected_items]: Missing connection between items
    Local override; error
    @(87.6800 mm, 99.2500 mm): Track [USB_DP] on B.Cu, length 12.0700 mm
    @(87.6800 mm, 99.2500 mm): Pad A7 [USB_DP] of J_USB on F.Cu
[unconnected_items]: Missing connection between items
    Local override; error
    @(88.2500 mm, 98.2500 mm): Track [USB_DP] on B.Cu, length 1.0000 mm
    @(87.6800 mm, 98.2500 mm): Pad B7 [USB_DP] of J_USB on F.Cu

** Found 0 Footprint errors **

** Ignored checks **
    - Footprint has no courtyard defined
    - Track endpoint not centered on via
    - Tuning profile track geometries
    - Footprint doesn't match symbol's footprint filters
    - Footprint component type doesn't match footprint pads

** End of Report **
